Processing esp32-s3-devkitc-1 (platform: espressif32; board: esp32-s3-devkitc-1; framework: arduino)
--------------------------------------------------------------------------------
Verbose mode can be enabled via `-v, --verbose` option
CONFIGURATION: https://docs.platformio.org/page/boards/espressif32/esp32-s3-devkitc-1.html
PLATFORM: Espressif 32 (6.12.0) > Espressif ESP32-S3-DevKitC-1-N8 (8 MB QD, No PSRAM)
HARDWARE: ESP32S3 240MHz, 320KB RAM, 8MB Flash
DEBUG: Current (esp-builtin) On-board (esp-builtin) External (cmsis-dap, esp-bridge, esp-prog, iot-bus-jtag, jlink, minimodule, olimex-arm-usb-ocd, olimex-arm-usb-ocd-h, olimex-arm-usb-tiny-h, olimex-jtag-tiny, tumpa)
PACKAGES: 
 - framework-arduinoespressif32 @ 3.20017.241212+sha.dcc1105b 
 - tool-esptoolpy @ 2.40900.250804 (4.9.0) 
 - toolchain-riscv32-esp @ 8.4.0+2021r2-patch5 
 - toolchain-xtensa-esp32s3 @ 8.4.0+2021r2-patch5
LDF: Library Dependency Finder -> https://bit.ly/configure-pio-ldf
LDF Modes: Finder ~ chain, Compatibility ~ soft
Found 40 compatible libraries
Scanning dependencies...
Dependency Graph
|-- ESP32-audioI2S @ 2.3.0
|-- LiquidCrystal_I2C @ 1.1.4
|-- ArduinoJson @ 6.21.5
|-- ESPAsyncWebServer @ 3.6.0+sha.ad3741d
|-- asyncHTTPrequest @ 1.2.2+sha.d47d603
|-- WiFi @ 2.0.0
|-- Wire @ 2.0.0
|-- SPIFFS @ 2.0.0
|-- HTTPClient @ 2.0.0
|-- Update @ 2.0.0
|-- EEPROM @ 2.0.0
|-- AsyncTCP @ 3.4.7
|-- FS @ 2.0.0
Building in release mode
Compiling .pio\build\esp32-s3-devkitc-1\src\main.cpp.o
Compiling .pio\build\esp32-s3-devkitc-1\src\wifi_config.cpp.o
platformio.exe : src/wifi_config.cpp: In function 'bool chooseWiFiConfigMethod()':
At line:1 char:1
+ & "C:\Users\berto\.platformio\penv\Scripts\platformio.exe" run 2>&1 | ...
+ ~~~~~~~~~~~~~~~~~~~~~~~~~~~~~~~~~~~~~~~~~~~~~~~~~~~~~~~~~~~~~~~~~~~
    + CategoryInfo          : NotSpecified: (src/wifi_config...onfigMethod()'::String) [], RemoteException
    + FullyQualifiedErrorId : NativeCommandError
 
src/wifi_config.cpp:308:9: error: 'encoderChanged' was not declared in this scope
     if (encoderChanged) {
         ^~~~~~~~~~~~~~
src/wifi_config.cpp:308:9: note: suggested alternative: 'encoderCounter'
     if (encoderChanged) {
         ^~~~~~~~~~~~~~
         encoderCounter
src/wifi_config.cpp:309:11: error: 'encoderDirection' was not declared in this scope
       if (encoderDirection > 0) {
           ^~~~~~~~~~~~~~~~
src/wifi_config.cpp:309:11: note: suggested alternative: 'encoderCounter'
       if (encoderDirection > 0) {
           ^~~~~~~~~~~~~~~~
           encoderCounter
src/main.cpp: In function 'void setup()':
src/main.cpp:208:13: error: a function-definition is not allowed here before '{' token
 void loop() {
             ^
src/main.cpp:385:35: error: a function-definition is not allowed here before '{' token
 void audio_info(const char *info) {
                                   ^
src/main.cpp:388:38: error: a function-definition is not allowed here before '{' token
 void audio_id3data(const char *info) {
                                      ^
src/main.cpp:391:38: error: a function-definition is not allowed here before '{' token
 void audio_eof_mp3(const char *info) {
                                      ^
src/main.cpp:394:42: error: a function-definition is not allowed here before '{' token
 void audio_showstation(const char *info) {
                                          ^
src/main.cpp:402:45: error: a function-definition is not allowed here before '{' token
 void audio_showstreaminfo(const char *info) {
                                             ^
src/main.cpp:405:46: error: a function-definition is not allowed here before '{' token
 void audio_showstreamtitle(const char *info) {
                                              ^
src/main.cpp:424:38: error: a function-definition is not allowed here before '{' token
 void audio_bitrate(const char *info) {
                                      ^
src/main.cpp:427:41: error: a function-definition is not allowed here before '{' token
 void audio_commercial(const char *info) {
                                         ^
src/main.cpp:430:37: error: a function-definition is not allowed here before '{' token
 void audio_icyurl(const char *info) {
                                     ^
src/main.cpp:433:39: error: a function-definition is not allowed here before '{' token
 void audio_lasthost(const char *info) {
                                       ^
src/main.cpp:436:41: error: a function-definition is not allowed here before '{' token
 void audio_eof_speech(const char *info) {
                                         ^
src/main.cpp:438:1: error: expected '}' at end of input
 }
 ^
src/main.cpp:20:14: note: to match this '{'
 void setup() {
              ^
*** [.pio\build\esp32-s3-devkitc-1\src\wifi_config.cpp.o] Error 1
*** [.pio\build\esp32-s3-devkitc-1\src\main.cpp.o] Error 1
========================== [FAILED] Took 8.27 seconds ==========================
